
DevTools listening on ws://127.0.0.1:58791/devtools/browser/55a483c5-9557-4c90-9d6c-deb2da2c1c45

====================================================================================================

  (Run Starting)

  ┌────────────────────────────────────────────────────────────────────────────────────────────────┐
  │ Cypress:        14.5.4                                                                         │
  │ Browser:        Chrome 144 (headless)                                                          │
  │ Node Version:   v22.19.0 (/usr/local/bin/node)                                                 │
  │ Specs:          1 found (admin.cy.ts)                                                          │
  │ Searched:       cypress/e2e/features/admin/admin.cy.ts                                         │
  │ Experiments:    experimentalMemoryManagement=true,experimentalModifyObstructiveThirdPartyCode… │
  └────────────────────────────────────────────────────────────────────────────────────────────────┘


────────────────────────────────────────────────────────────────────────────────────────────────────
                                                                                                    
  Running:  admin.cy.ts                                                                     (1 of 1)


  Admin Panel
    Admin Dashboard
      ✓ should display admin dashboard
      ✓ should display stats cards
      ✓ should display sidebar navigation
      ✓ should display recent orders
      ✓ should display recent activity
    Access Control
      ✓ should deny access to non-admin users
